// Jest Snapshot v1, https://goo.gl/fbAQLP

exports[`renders correctly 1`] = `
<div>
  <nav
    className="navbar col-lg-12 col-12 p-lg-0 fixed-top d-flex flex-row"
  >
    <div
      className="navbar-menu-wrapper d-flex align-items-center justify-content-between "
    >
      <button
        className="navbar-toggler align-self-center"
        onClick={[Function]}
        type="button"
      >
        <i
          className="mdi mdi-menu"
        />
      </button>
      <ul
        className="navbar-nav navbar-nav-right"
      >
        <li
          className="nav-item  nav-profile border-0"
        >
          <div
            className="dropdown"
          >
            <button
              aria-expanded={false}
              aria-haspopup={true}
              className="nav-link count-indicator bg-transparent dropdown-toggle btn btn-primary"
              disabled={false}
              onClick={[Function]}
              type="button"
            >
              <img
                alt="Profile"
                className="img-xs rounded-circle"
              />
            </button>
          </div>
        </li>
      </ul>
      <button
        className="navbar-toggler navbar-toggler-right d-lg-none align-self-center"
        type="button"
      >
        <span
          className="mdi mdi-menu"
        />
      </button>
    </div>
  </nav>
</div>
`;
