// Jest Snapshot v1, https://goo.gl/fbAQLP

exports[`renders correctly 1`] = `
<div>
  <div
    className="container bootstrap snippet"
  >
    <div
      className="main-div"
    >
      <div
        className="center-div"
      >
        <p
          className="text-res"
        >
          Confirm Account
        </p>
        <hr />
        <p>
          An activation EMail has been sent to undefined. Please follow the
              mail instructions in orther to activate your account
        </p>
        <p
          style={
            Object {
              "fontSize": "12px",
              "marginTop": "50px",
            }
          }
        >
          Did not recieve the Mail ?
           
          <a
            onClick={[Function]}
            style={
              Object {
                "color": "#42D0ED",
                "textDecoration": "none",
              }
            }
          >
            resend Link
          </a>
        </p>
      </div>
      <div />
    </div>
  </div>
</div>
`;
