// Jest Snapshot v1, https://goo.gl/fbAQLP

exports[`renders correctly 1`] = `
<nav
  className="sidebar sidebar-offcanvas"
  id="sidebar"
>
  <div
    className="text-center sidebar-brand-wrapper d-flex align-items-center"
  >
    <a
      className="sidebar-brand brand-logo"
      href=""
    >
      <span>
        OCTO PANCAKE
      </span>
    </a>
  </div>
  <hr />
  <ul
    className="nav"
  >
    <li
      className="nav-item"
    >
      <a
        className="nav-link"
        onClick={[Function]}
      >
        <svg
          aria-hidden={true}
          className="MuiSvgIcon-root"
          focusable="false"
          viewBox="0 0 24 24"
        >
          <path
            d="M10 20v-6h4v6h5v-8h3L12 3 2 12h3v8z"
          />
        </svg>
        <span
          className="menu-title"
        >
          HOME PAGE
        </span>
      </a>
    </li>
  </ul>
</nav>
`;
